// Jest Snapshot v1, https://goo.gl/fbAQLP

exports[`<App /> should render and match the snapshot 1`] = `
<ForwardRef>
  <HelmetWrapper
    defaultTitle="Dog Breed Search"
    defer={true}
    encodeSpecialCharacters={true}
    titleTemplate="%s - Dog Breed Search"
  >
    <meta
      content="A dog breed search application."
      name="description"
    />
  </HelmetWrapper>
  <Switch>
    <Route
      component={[Function]}
      exact={true}
      path="/"
    />
  </Switch>
  <GlobalStyleComponent />
</ForwardRef>
`;
