// Jest Snapshot v1, https://goo.gl/fbAQLP

exports[`<HomePage /> should render and match the snapshot 1`] = `
<article>
  <div>
    <form
      class="Form-sc-17gxy7e-0 fuBIHB"
    >
      <label
        for="username"
      >
        <h1>
          Search dog by breed.
        </h1>
        <input
          class="Input-sc-10chxic-0 kXoiKJ"
          id="username"
          placeholder="Type dog breed here"
          type="text"
          value=""
        />
      </label>
    </form>
    <div
      class="Wrapper-sc-1760zxe-0 cgJsmn"
    >
      <ul
        class="Ul-sc-83uhvk-0 gZFHEO"
      />
    </div>
  </div>
</article>
`;
